---
source: src/test/mod.rs
expression: program
input_file: src/test/fixtures/empty.tb

---
Ok(
    Program {
        stmts: [],
        location: Location {
            start: 0,
            end: 0,
        },
    },
)
