---
source: tests/fixtures.rs
expression: program
input_file: tests/fixtures/empty.tb

---
Ok(
    Program {
        stmts: [],
        location: Location {
            start: 0,
            end: 0,
        },
    },
)
