---
source: tests/fixtures.rs
expression: program

---
Ok(
    Program {
        decls: [],
        location: Location {
            start: 0,
            end: 0,
        },
    },
)
