---
source: tests/fixtures.rs
expression: program

---
Ok(
    Program {
        decls: [
            TopLevelDecl {
                kind: Fn(
                    Ident {
                        name: "add",
                        location: Location {
                            start: 3,
                            end: 6,
                        },
                    },
                    [
                        (
                            Ident {
                                name: "a",
                                location: Location {
                                    start: 7,
                                    end: 8,
                                },
                            },
                            Ty {
                                name: "int",
                                location: Location {
                                    start: 10,
                                    end: 13,
                                },
                            },
                        ),
                        (
                            Ident {
                                name: "b",
                                location: Location {
                                    start: 15,
                                    end: 16,
                                },
                            },
                            Ty {
                                name: "int",
                                location: Location {
                                    start: 18,
                                    end: 21,
                                },
                            },
                        ),
                    ],
                    Ty {
                        name: "int",
                        location: Location {
                            start: 26,
                            end: 29,
                        },
                    },
                    Block {
                        stmts: [
                            Stmt {
                                kind: Ret(
                                    Some(
                                        Expr {
                                            kind: Binary(
                                                Add,
                                                Expr {
                                                    kind: Ident(
                                                        Ident {
                                                            name: "a",
                                                            location: Location {
                                                                start: 43,
                                                                end: 44,
                                                            },
                                                        },
                                                    ),
                                                    location: Location {
                                                        start: 43,
                                                        end: 44,
                                                    },
                                                },
                                                Expr {
                                                    kind: Ident(
                                                        Ident {
                                                            name: "b",
                                                            location: Location {
                                                                start: 47,
                                                                end: 48,
                                                            },
                                                        },
                                                    ),
                                                    location: Location {
                                                        start: 47,
                                                        end: 48,
                                                    },
                                                },
                                            ),
                                            location: Location {
                                                start: 43,
                                                end: 48,
                                            },
                                        },
                                    ),
                                ),
                                location: Location {
                                    start: 36,
                                    end: 49,
                                },
                            },
                        ],
                        location: Location {
                            start: 30,
                            end: 51,
                        },
                    },
                ),
                location: Location {
                    start: 0,
                    end: 51,
                },
            },
            TopLevelDecl {
                kind: Fn(
                    Ident {
                        name: "multiply",
                        location: Location {
                            start: 56,
                            end: 64,
                        },
                    },
                    [
                        (
                            Ident {
                                name: "a",
                                location: Location {
                                    start: 65,
                                    end: 66,
                                },
                            },
                            Ty {
                                name: "int",
                                location: Location {
                                    start: 68,
                                    end: 71,
                                },
                            },
                        ),
                        (
                            Ident {
                                name: "b",
                                location: Location {
                                    start: 73,
                                    end: 74,
                                },
                            },
                            Ty {
                                name: "int",
                                location: Location {
                                    start: 76,
                                    end: 79,
                                },
                            },
                        ),
                    ],
                    Ty {
                        name: "int",
                        location: Location {
                            start: 84,
                            end: 87,
                        },
                    },
                    Block {
                        stmts: [
                            Stmt {
                                kind: Ret(
                                    Some(
                                        Expr {
                                            kind: Binary(
                                                Multiply,
                                                Expr {
                                                    kind: Ident(
                                                        Ident {
                                                            name: "a",
                                                            location: Location {
                                                                start: 101,
                                                                end: 102,
                                                            },
                                                        },
                                                    ),
                                                    location: Location {
                                                        start: 101,
                                                        end: 102,
                                                    },
                                                },
                                                Expr {
                                                    kind: Ident(
                                                        Ident {
                                                            name: "b",
                                                            location: Location {
                                                                start: 105,
                                                                end: 106,
                                                            },
                                                        },
                                                    ),
                                                    location: Location {
                                                        start: 105,
                                                        end: 106,
                                                    },
                                                },
                                            ),
                                            location: Location {
                                                start: 101,
                                                end: 106,
                                            },
                                        },
                                    ),
                                ),
                                location: Location {
                                    start: 94,
                                    end: 107,
                                },
                            },
                        ],
                        location: Location {
                            start: 88,
                            end: 109,
                        },
                    },
                ),
                location: Location {
                    start: 53,
                    end: 109,
                },
            },
            TopLevelDecl {
                kind: Fn(
                    Ident {
                        name: "main",
                        location: Location {
                            start: 114,
                            end: 118,
                        },
                    },
                    [],
                    Ty {
                        name: "int",
                        location: Location {
                            start: 124,
                            end: 127,
                        },
                    },
                    Block {
                        stmts: [
                            Stmt {
                                kind: Ret(
                                    Some(
                                        Expr {
                                            kind: Call(
                                                Expr {
                                                    kind: Ident(
                                                        Ident {
                                                            name: "multiply",
                                                            location: Location {
                                                                start: 141,
                                                                end: 149,
                                                            },
                                                        },
                                                    ),
                                                    location: Location {
                                                        start: 141,
                                                        end: 149,
                                                    },
                                                },
                                                [
                                                    Expr {
                                                        kind: Call(
                                                            Expr {
                                                                kind: Ident(
                                                                    Ident {
                                                                        name: "add",
                                                                        location: Location {
                                                                            start: 150,
                                                                            end: 153,
                                                                        },
                                                                    },
                                                                ),
                                                                location: Location {
                                                                    start: 150,
                                                                    end: 153,
                                                                },
                                                            },
                                                            [
                                                                Expr {
                                                                    kind: Lit(
                                                                        Lit {
                                                                            kind: Int(
                                                                                1,
                                                                            ),
                                                                            location: Location {
                                                                                start: 154,
                                                                                end: 155,
                                                                            },
                                                                        },
                                                                    ),
                                                                    location: Location {
                                                                        start: 154,
                                                                        end: 155,
                                                                    },
                                                                },
                                                                Expr {
                                                                    kind: Lit(
                                                                        Lit {
                                                                            kind: Int(
                                                                                3,
                                                                            ),
                                                                            location: Location {
                                                                                start: 157,
                                                                                end: 158,
                                                                            },
                                                                        },
                                                                    ),
                                                                    location: Location {
                                                                        start: 157,
                                                                        end: 158,
                                                                    },
                                                                },
                                                            ],
                                                        ),
                                                        location: Location {
                                                            start: 150,
                                                            end: 158,
                                                        },
                                                    },
                                                    Expr {
                                                        kind: Lit(
                                                            Lit {
                                                                kind: Int(
                                                                    2,
                                                                ),
                                                                location: Location {
                                                                    start: 161,
                                                                    end: 162,
                                                                },
                                                            },
                                                        ),
                                                        location: Location {
                                                            start: 161,
                                                            end: 162,
                                                        },
                                                    },
                                                ],
                                            ),
                                            location: Location {
                                                start: 141,
                                                end: 162,
                                            },
                                        },
                                    ),
                                ),
                                location: Location {
                                    start: 134,
                                    end: 164,
                                },
                            },
                        ],
                        location: Location {
                            start: 128,
                            end: 166,
                        },
                    },
                ),
                location: Location {
                    start: 111,
                    end: 166,
                },
            },
        ],
        location: Location {
            start: 0,
            end: 168,
        },
    },
)
