---
source: tests/fixtures.rs
expression: program

---
Err(
    [
        ParsingError {
            kind: Custom(
                "Expected +, -, *, /, ==, !=, >, >=, <, <=, &&, ||.",
            ),
            location: Position(
                26,
            ),
        },
    ],
)
