---
source: tests/fixtures.rs
expression: program

---
Err(
    [
        ParsingError {
            kind: Custom(
                "Expected end of file, function declaration.",
            ),
            location: Position(
                0,
            ),
        },
    ],
)
